WARNING: reference to 'KuauthSinks' references a local library, not the named module (CredLeak-ReprStr.ql:23,8-19)
WARNING: reference to 'KuauthSources' references a local library, not the named module (CredLeak-ReprStr.ql:22,8-21)
edges
| test.py:12:63:12:76 | ControlFlowNode for Attribute | test.py:12:16:12:79 | ControlFlowNode for Fstring | provenance |  |
| test.py:21:28:21:41 | ControlFlowNode for Attribute | test.py:21:16:21:44 | ControlFlowNode for Fstring | provenance |  |
| test.py:29:36:29:52 | ControlFlowNode for Attribute | test.py:29:16:29:55 | ControlFlowNode for Fstring | provenance |  |
nodes
| test.py:12:16:12:79 | ControlFlowNode for Fstring | semmle.label | ControlFlowNode for Fstring |
| test.py:12:63:12:76 | ControlFlowNode for Attribute | semmle.label | ControlFlowNode for Attribute |
| test.py:21:16:21:44 | ControlFlowNode for Fstring | semmle.label | ControlFlowNode for Fstring |
| test.py:21:28:21:41 | ControlFlowNode for Attribute | semmle.label | ControlFlowNode for Attribute |
| test.py:29:16:29:55 | ControlFlowNode for Fstring | semmle.label | ControlFlowNode for Fstring |
| test.py:29:36:29:52 | ControlFlowNode for Attribute | semmle.label | ControlFlowNode for Attribute |
subpaths
#select
| test.py:12:16:12:79 | ControlFlowNode for Fstring | test.py:12:63:12:76 | ControlFlowNode for Attribute | test.py:12:16:12:79 | ControlFlowNode for Fstring | Credential value from $@ is rendered by ``__repr__`` / ``__str__``; it will leak via debug output. | test.py:12:63:12:76 | ControlFlowNode for Attribute | this credential read |
| test.py:21:16:21:44 | ControlFlowNode for Fstring | test.py:21:28:21:41 | ControlFlowNode for Attribute | test.py:21:16:21:44 | ControlFlowNode for Fstring | Credential value from $@ is rendered by ``__repr__`` / ``__str__``; it will leak via debug output. | test.py:21:28:21:41 | ControlFlowNode for Attribute | this credential read |
| test.py:29:16:29:55 | ControlFlowNode for Fstring | test.py:29:36:29:52 | ControlFlowNode for Attribute | test.py:29:16:29:55 | ControlFlowNode for Fstring | Credential value from $@ is rendered by ``__repr__`` / ``__str__``; it will leak via debug output. | test.py:29:36:29:52 | ControlFlowNode for Attribute | this credential read |
